----- CLI crash report at 2026-02-12T05:35:59.931Z
Error Trace
FailedToIdentifyProgramFlow: FailedToIdentifyProgramFlow
    at _Command.<anonymous> (/Volumes/PRO-BLADE/Github/dial4dough.dev/node_modules/@wix/cli/src/program.ts:76:15)
    at _Command.emit (node:events:507:28)
    at _Command._parseCommand (/Volumes/PRO-BLADE/Github/dial4dough.dev/node_modules/node_modules/commander/lib/command.js:1607:14)
    at _Command.parseAsync (/Volumes/PRO-BLADE/Github/dial4dough.dev/node_modules/node_modules/commander/lib/command.js:1104:16)
    at <anonymous> (/Volumes/PRO-BLADE/Github/dial4dough.dev/node_modules/@wix/cli/src/index.tsx:89:39)
    at process.processTicksAndRejections (node:internal/process/task_queues:105:5)
Error Info
{}
----- CLI crash report at 2026-02-12T05:38:43.217Z
Error Trace
FailedToIdentifyProgramFlow: FailedToIdentifyProgramFlow
    at _Command.<anonymous> (/Volumes/PRO-BLADE/Github/dial4dough.dev/node_modules/@wix/cli/src/program.ts:76:15)
    at _Command.emit (node:events:507:28)
    at _Command._parseCommand (/Volumes/PRO-BLADE/Github/dial4dough.dev/node_modules/node_modules/commander/lib/command.js:1607:14)
    at _Command.parseAsync (/Volumes/PRO-BLADE/Github/dial4dough.dev/node_modules/node_modules/commander/lib/command.js:1104:16)
    at <anonymous> (/Volumes/PRO-BLADE/Github/dial4dough.dev/node_modules/@wix/cli/src/index.tsx:89:39)
    at process.processTicksAndRejections (node:internal/process/task_queues:105:5)
Error Info
{}
----- CLI crash report at 2026-02-12T05:42:04.839Z
Error Trace
FailedToIdentifyProgramFlow: FailedToIdentifyProgramFlow
    at _Command.<anonymous> (/Volumes/PRO-BLADE/Github/dial4dough.dev/node_modules/@wix/cli/src/program.ts:76:15)
    at _Command.emit (node:events:507:28)
    at _Command._parseCommand (/Volumes/PRO-BLADE/Github/dial4dough.dev/node_modules/node_modules/commander/lib/command.js:1607:14)
    at _Command.parseAsync (/Volumes/PRO-BLADE/Github/dial4dough.dev/node_modules/node_modules/commander/lib/command.js:1104:16)
    at <anonymous> (/Volumes/PRO-BLADE/Github/dial4dough.dev/node_modules/@wix/cli/src/index.tsx:89:39)
    at process.processTicksAndRejections (node:internal/process/task_queues:105:5)
Error Info
{}
----- CLI crash report at 2026-02-12T05:42:59.068Z
Error Trace
FailedToIdentifyProgramFlow: FailedToIdentifyProgramFlow
    at _Command.<anonymous> (/Volumes/PRO-BLADE/Github/dial4dough.dev/node_modules/@wix/cli/src/program.ts:76:15)
    at _Command.emit (node:events:507:28)
    at _Command._parseCommand (/Volumes/PRO-BLADE/Github/dial4dough.dev/node_modules/node_modules/commander/lib/command.js:1607:14)
    at _Command.parseAsync (/Volumes/PRO-BLADE/Github/dial4dough.dev/node_modules/node_modules/commander/lib/command.js:1104:16)
    at <anonymous> (/Volumes/PRO-BLADE/Github/dial4dough.dev/node_modules/@wix/cli/src/index.tsx:89:39)
    at process.processTicksAndRejections (node:internal/process/task_queues:105:5)
Error Info
{}
